[www.epfundao.edu.pt/index.html]
[backblue.gif]
[fade.gif]
[index.html]
[www.epfundao.edu.pt/page/homepage.html]
[www.epfundao.edu.pt/web/content/42084-82e8f96/web.assets_common.0.css]
[www.epfundao.edu.pt/web/content/146540-f61572a/website.assets_frontend.0.css]
[maxcdn.bootstrapcdn.com/font-awesome/4.3.0/css/font-awesome.min.css]
[cdnjs.cloudflare.com/ajax/libs/owl-carousel/1.3.3/owl.carousel.css]
[cdnjs.cloudflare.com/ajax/libs/owl-carousel/1.3.3/owl.carousel.js]
[www.epfundao.edu.pt/web/content/42085-82e8f96/web.assets_common.js]
[www.epfundao.edu.pt/web/content/146541-f61572a/website.assets_frontend.js]
[www.epfundao.edu.pt/page/privacy.html]
[www.epfundao.edu.pt/openschool_core/static/src/img/logo_w.png]
[www.epfundao.edu.pt/web/login.html]
[www.epfundao.edu.pt/openschool_core/static/src/img/logo_p.png]
[www.epfundao.edu.pt/page/sobre-nos.html]
[www.epfundao.edu.pt/page/autorizacao-de-funcionamento.html]
[www.epfundao.edu.pt/page/estatutos.html]
[www.epfundao.edu.pt/page/regulamento-interno.html]
[www.epfundao.edu.pt/page/projecto-educativo.html]
[www.epfundao.edu.pt/page/plano-de-contingencia-covid-19.html]
[www.epfundao.edu.pt/page/plano-de-ensino-a-distancia-2020.html]
[www.epfundao.edu.pt/page/politica-de-privacidade.html]
[www.epfundao.edu.pt/page/organizacao-escolar.html]
[www.epfundao.edu.pt/page/legislacao-de-apoio.html]
[www.epfundao.edu.pt/courses/prof.html]
[www.epfundao.edu.pt/courses/cef.html]
[www.epfundao.edu.pt/courses/oof.html]
[www.epfundao.edu.pt/blog/escola-e-comunidade-1.html]
[www.epfundao.edu.pt/blog/emprego-e-formacao-2.html]
[www.epfundao.edu.pt/blog/no-pais-e-na-europa-3.html]
[www.epfundao.edu.pt/alumni.html]
[www.epfundao.edu.pt/parceiros.html]
[www.epfundao.edu.pt/emprego.html]
[www.epfundao.edu.pt/page/erasmus.html]
[www.epfundao.edu.pt/page/documento-base.html]
[www.epfundao.edu.pt/page/plano-de-acao.html]
[www.epfundao.edu.pt/page/relatorio-do-operador.html]
[www.epfundao.edu.pt/page/quadro-de-monitorizacao-de-indicadores.html]
[www.epfundao.edu.pt/page/plano-de-acao-integrado.html]
[www.epfundao.edu.pt/page/manual-de-processos-procedimentos-e-gestao-documen.html]
[www.epfundao.edu.pt/page/relatorios-de-acompanhamento.html]
[www.epfundao.edu.pt/page/contactus.html]
[www.epfundao.edu.pt/web/image/98990.jpg]
[www.epfundao.edu.pt/inscriptions.html]
[www.epfundao.edu.pt/web/image/98991.jpg]
[www.epfundao.edu.pt/web/image/98997.jpg]
[www.epfundao.edu.pt/openschool_core/static/src/img/poch.png]
[www.google-analytics.com/analytics.js]
[www.epfundao.edu.pt/index.html]
[www.epfundao.edu.pt/page/homepage.html]
[www.epfundao.edu.pt/web/static/lib/jquery.ui/images/ui-bg_flat_75_ffffff_40x100.png]
[www.epfundao.edu.pt/web/static/lib/jquery.ui/images/ui-bg_highlight-soft_50_dddddd_1x100.png]
[www.epfundao.edu.pt/web/static/lib/jquery.ui/images/ui-bg_highlight-soft_100_f6f6f6_1x100.png]
[www.epfundao.edu.pt/web/static/lib/jquery.ui/images/ui-bg_highlight-soft_25_0073ea_1x100.png]
[www.epfundao.edu.pt/web/static/lib/jquery.ui/images/ui-bg_glass_65_ffffff_1x400.png]
[www.epfundao.edu.pt/web/static/lib/jquery.ui/images/ui-bg_flat_55_ffffff_40x100.png]
[www.epfundao.edu.pt/web/static/lib/jquery.ui/images/ui-icons_ff0084_256x240.png]
[www.epfundao.edu.pt/web/static/lib/jquery.ui/images/ui-icons_0073ea_256x240.png]
[www.epfundao.edu.pt/web/static/lib/jquery.ui/images/ui-icons_666666_256x240.png]
[www.epfundao.edu.pt/web/static/lib/jquery.ui/images/ui-icons_ffffff_256x240.png]
[www.epfundao.edu.pt/web/static/lib/jquery.ui/images/ui-icons_454545_256x240.png]
[www.epfundao.edu.pt/web/static/lib/jquery.ui/images/ui-bg_flat_0_eeeeee_40x100.png]
[www.epfundao.edu.pt/web/static/lib/jquery.ui/images/ui-bg_flat_0_aaaaaa_40x100.png]
[www.epfundao.edu.pt/web/static/lib/fontawesome/fonts/fontawesome-webfont93e3.eot]
[www.epfundao.edu.pt/web/static/lib/fontawesome/fonts/fontawesome-webfontd41d.eot]
[www.epfundao.edu.pt/web/static/lib/fontawesome/fonts/fontawesome-webfont93e3.woff2]
[www.epfundao.edu.pt/web/static/lib/fontawesome/fonts/fontawesome-webfont93e3.woff]
[www.epfundao.edu.pt/web/static/lib/fontawesome/fonts/fontawesome-webfont93e3.ttf]
[www.epfundao.edu.pt/web/static/src/fonts/lato/Lato-Hai-webfont.eot]
[www.epfundao.edu.pt/web/static/src/fonts/lato/Lato-Hai-webfontd41d.eot]
[www.epfundao.edu.pt/web/static/src/fonts/lato/Lato-Hai-webfont.woff]
[www.epfundao.edu.pt/web/static/src/fonts/lato/Lato-Hai-webfont.ttf]
[www.epfundao.edu.pt/web/static/src/fonts/lato/Lato-HaiIta-webfont.eot]
[www.epfundao.edu.pt/web/static/src/fonts/lato/Lato-HaiIta-webfontd41d.eot]
[www.epfundao.edu.pt/web/static/src/fonts/lato/Lato-HaiIta-webfont.woff]
[www.epfundao.edu.pt/web/static/src/fonts/lato/Lato-HaiIta-webfont.ttf]
[www.epfundao.edu.pt/web/static/src/fonts/lato/Lato-Lig-webfont.eot]
[www.epfundao.edu.pt/web/static/src/fonts/lato/Lato-Lig-webfontd41d.eot]
[www.epfundao.edu.pt/web/static/src/fonts/lato/Lato-Lig-webfont.woff]
[www.epfundao.edu.pt/web/static/src/fonts/lato/Lato-Lig-webfont.ttf]
[www.epfundao.edu.pt/web/static/src/fonts/lato/Lato-LigIta-webfont.eot]
[www.epfundao.edu.pt/web/static/src/fonts/lato/Lato-LigIta-webfontd41d.eot]
[www.epfundao.edu.pt/web/static/src/fonts/lato/Lato-LigIta-webfont.woff]
[www.epfundao.edu.pt/web/static/src/fonts/lato/Lato-LigIta-webfont.ttf]
[www.epfundao.edu.pt/web/static/src/fonts/lato/Lato-Reg-webfont.eot]
[www.epfundao.edu.pt/web/static/src/fonts/lato/Lato-Reg-webfontd41d.eot]
[www.epfundao.edu.pt/web/static/src/fonts/lato/Lato-Reg-webfont.woff]
[www.epfundao.edu.pt/web/static/src/fonts/lato/Lato-Reg-webfont.ttf]
[www.epfundao.edu.pt/web/static/src/fonts/lato/Lato-RegIta-webfont.eot]
[www.epfundao.edu.pt/web/static/src/fonts/lato/Lato-RegIta-webfontd41d.eot]
[www.epfundao.edu.pt/web/static/src/fonts/lato/Lato-RegIta-webfont.woff]
[www.epfundao.edu.pt/web/static/src/fonts/lato/Lato-RegIta-webfont.ttf]
[www.epfundao.edu.pt/web/static/src/fonts/lato/Lato-Bol-webfont.eot]
[www.epfundao.edu.pt/web/static/src/fonts/lato/Lato-Bol-webfontd41d.eot]
[www.epfundao.edu.pt/web/static/src/fonts/lato/Lato-Bol-webfont.woff]
[www.epfundao.edu.pt/web/static/src/fonts/lato/Lato-Bol-webfont.ttf]
[www.epfundao.edu.pt/web/static/src/fonts/lato/Lato-BolIta-webfont.eot]
[www.epfundao.edu.pt/web/static/src/fonts/lato/Lato-BolIta-webfontd41d.eot]
[www.epfundao.edu.pt/web/static/src/fonts/lato/Lato-BolIta-webfont.woff]
[www.epfundao.edu.pt/web/static/src/fonts/lato/Lato-BolIta-webfont.ttf]
[www.epfundao.edu.pt/web/static/src/fonts/lato/Lato-Bla-webfont.eot]
[www.epfundao.edu.pt/web/static/src/fonts/lato/Lato-Bla-webfontd41d.eot]
[www.epfundao.edu.pt/web/static/src/fonts/lato/Lato-Bla-webfont.woff]
[www.epfundao.edu.pt/web/static/src/fonts/lato/Lato-Bla-webfont.ttf]
[www.epfundao.edu.pt/web/static/src/fonts/lato/Lato-BlaIta-webfont.eot]
[www.epfundao.edu.pt/web/static/src/fonts/lato/Lato-BlaIta-webfontd41d.eot]
[www.epfundao.edu.pt/web/static/src/fonts/lato/Lato-BlaIta-webfont.woff]
[www.epfundao.edu.pt/web/static/src/fonts/lato/Lato-BlaIta-webfont.ttf]
[www.epfundao.edu.pt/web/static/src/img/mimetypes/unknown.png]
[www.epfundao.edu.pt/web/static/src/img/mimetypes/image.png]
[www.epfundao.edu.pt/web/static/src/img/mimetypes/audio.png]
[www.epfundao.edu.pt/web/static/src/img/mimetypes/binary.png]
[www.epfundao.edu.pt/web/static/src/img/mimetypes/video.png]
[www.epfundao.edu.pt/web/static/src/img/mimetypes/archive.png]
[www.epfundao.edu.pt/web/static/src/img/mimetypes/pdf.png]
[www.epfundao.edu.pt/web/static/src/img/mimetypes/text.png]
[www.epfundao.edu.pt/web/static/src/img/mimetypes/document.png]
[www.epfundao.edu.pt/web/static/src/img/mimetypes/vector.png]
[www.epfundao.edu.pt/web/static/src/img/mimetypes/html.png]
[www.epfundao.edu.pt/web/static/src/img/mimetypes/disk.png]
[www.epfundao.edu.pt/web/static/src/img/mimetypes/spreadsheet.png]
[www.epfundao.edu.pt/web/static/src/img/mimetypes/certificate.png]
[www.epfundao.edu.pt/web/static/src/img/mimetypes/presentation.png]
[www.epfundao.edu.pt/web/static/src/img/mimetypes/font.png]
[www.epfundao.edu.pt/web/static/src/img/mimetypes/print.png]
[www.epfundao.edu.pt/web/static/src/img/mimetypes/script.png]
[www.epfundao.edu.pt/web/static/src/img/mimetypes/calendar.png]
[www.epfundao.edu.pt/web/static/lib/select2/select2.png]
[www.epfundao.edu.pt/web/static/lib/select2/select2-spinner.gif]
[www.epfundao.edu.pt/web/static/lib/select2/select2x2.png]
[www.epfundao.edu.pt/web_planner/static/src/fonts/Simple-Line-Icons.eot]
[www.epfundao.edu.pt/web_planner/static/src/fonts/Simple-Line-Iconsd41d.eot]
[www.epfundao.edu.pt/web_planner/static/src/fonts/Simple-Line-Icons.woff]
[www.epfundao.edu.pt/web_planner/static/src/fonts/Simple-Line-Icons.ttf]
[www.epfundao.edu.pt/web/content/42084-82e8f96/web.assets_common.0.css]
[www.epfundao.edu.pt/openschool_core/static/src/img/pattern.png]
[www.epfundao.edu.pt/openschool_core/static/src/img/slide-1.jpg]
[www.epfundao.edu.pt/openschool_core/static/src/img/slide-2.jpg]
[www.epfundao.edu.pt/openschool_core/static/src/img/slide-3.jpg]
[www.epfundao.edu.pt/openschool_core/static/src/img/crossword.png]
[www.epfundao.edu.pt/web/content/146540-f61572a/website.assets_frontend.0.css]
[maxcdn.bootstrapcdn.com/font-awesome/4.3.0/css/font-awesome.min.css]
[cdnjs.cloudflare.com/ajax/libs/owl-carousel/1.3.3/grabbing.png]
[cdnjs.cloudflare.com/ajax/libs/owl-carousel/1.3.3/owl.carousel.css]
[www.epfundao.edu.pt/page/privacy.html]
[www.epfundao.edu.pt/web/login.html]
[www.epfundao.edu.pt/web/image/614.jpg]
[www.epfundao.edu.pt/page/sobre-nos.html]
[www.epfundao.edu.pt/page/aboutus.html]
[www.epfundao.edu.pt/web/content/1186386a9b.pdf]
[www.epfundao.edu.pt/page/autorizacao-de-funcionamento.html]
[www.epfundao.edu.pt/web/content/118393602f.pdf]
[www.epfundao.edu.pt/page/estatutos.html]
[www.epfundao.edu.pt/web/content/118392067a.pdf]
[www.epfundao.edu.pt/page/regulamento-interno.html]
[www.epfundao.edu.pt/web/content/119182a562.pdf]
[www.epfundao.edu.pt/page/projecto-educativo.html]
[www.epfundao.edu.pt/web/content/1101355a55.pdf]
[www.epfundao.edu.pt/page/plano-de-contingencia-covid-19.html]
[www.epfundao.edu.pt/web/content/1132180f84.pdf]
[www.epfundao.edu.pt/page/plano-de-ensino-a-distancia-2020.html]
[www.epfundao.edu.pt/web/content/118639a33f.pdf]
[www.epfundao.edu.pt/page/politica-de-privacidade.html]
[www.epfundao.edu.pt/page/calendario-escolar.html]
[www.epfundao.edu.pt/page/plano-anual-de-atividades.html]
[www.epfundao.edu.pt/page/criterios-de-avaliacao.html]
[www.epfundao.edu.pt/page/plano-de-cidadania-e-desenvolvimento.html]
[www.epfundao.edu.pt/page/organizacao-escolar.html]
[www.epfundao.edu.pt/page/legislacao-de-apoio.html]
[www.epfundao.edu.pt/page/plano-de-formacao.html]
[www.epfundao.edu.pt/course/1.html]
[www.epfundao.edu.pt/course/2.html]
[www.epfundao.edu.pt/course/4.html]
[www.epfundao.edu.pt/course/5.html]
[www.epfundao.edu.pt/course/6.html]
[www.epfundao.edu.pt/course/7.html]
[www.epfundao.edu.pt/course/16.html]
[www.epfundao.edu.pt/course/27.html]
[www.epfundao.edu.pt/courses/prof.html]
[www.epfundao.edu.pt/course/13.html]
[www.epfundao.edu.pt/course/14.html]
[www.epfundao.edu.pt/courses/cef.html]
[www.epfundao.edu.pt/courses/oof.html]
[www.epfundao.edu.pt/course/15.html]
[www.epfundao.edu.pt/blog/1/feed]
[www.epfundao.edu.pt/blog/escola-e-comunidade-1/post/interrupcao-letiva-orientacoes-48.html]
[www.epfundao.edu.pt/blog/escola-e-comunidade-1/post/epf-vence-premios-para-melhor-aluno-do-ensino-profissional-e-dos-cursos-educacao-formacao-44.html]
[www.epfundao.edu.pt/blog/escola-e-comunidade-1/post/abertura-do-ano-escolar-2020-2021-43.html]
[www.epfundao.edu.pt/blog/escola-e-comunidade-1/post/28o-aniversario-da-escola-profissional-do-fundao-42.html]
[www.epfundao.edu.pt/blog/escola-e-comunidade-1/post/epf-na-sessao-solene-do-25-de-abril-33.html]
[www.epfundao.edu.pt/blog/escola-e-comunidade-1/post/epf-presente-na-feira-dos-sabores-do-tejo-25.html]
[www.epfundao.edu.pt/blog/escola-e-comunidade-1/post/restaurante-pedagogico-22.html]
[www.epfundao.edu.pt/blog/escola-e-comunidade-1/post/xiv-festival-gastronomico-da-cereja-21.html]
[www.epfundao.edu.pt/blog/escola-e-comunidade-1/post/escola-assegura-porto-de-honra-na-2a-mostra-de-freguesias-20.html]
[www.epfundao.edu.pt/blog/escola-e-comunidade-1/post/2a-mostra-de-freguesias-na-av-da-liberdade-fundao-19.html]
[www.epfundao.edu.pt/blog/escola-e-comunidade-1/post/epf-participa-na-7a-edicao-das-escolas-solidarias-2017-18.html]
[www.epfundao.edu.pt/blog/escola-e-comunidade-1/post/1o-ano-do-curso-tecnico-de-gestao-do-ambiente-17.html]
[www.epfundao.edu.pt/blog/escola-e-comunidade-1/post/epf-marca-presenca-na-festa-da-cereja-16.html]
[www.epfundao.edu.pt/blog/escola-e-comunidade-1/post/festa-da-cereja-em-alcongosta-12.html]
[www.epfundao.edu.pt/blog/escola-e-comunidade-1/post/festa-da-cereja-11.html]
[www.epfundao.edu.pt/blog/escola-e-comunidade-1/post/epf-na-festa-da-cereja-10.html]
[www.epfundao.edu.pt/blog/escola-e-comunidade-1/post/epf-visita-resistrela-8.html]
[www.epfundao.edu.pt/blog/escola-e-comunidade-1/post/agriurban-no-fundao-7.html]
[www.epfundao.edu.pt/blog/escola-e-comunidade-1/post/fundao-participa-2017-6.html]
[www.epfundao.edu.pt/blog/escola-e-comunidade-1/post/projecto-de-empreendedorismo-premiado-5.html]
[www.epfundao.edu.pt/blog/escola-e-comunidade-19f1b.html]
[www.epfundao.edu.pt/blog/escola-e-comunidade-1f224.html]
[www.epfundao.edu.pt/blog/escola-e-comunidade-12751.html]
[www.epfundao.edu.pt/blog/escola-e-comunidade-11704.html]
[www.epfundao.edu.pt/blog/escola-e-comunidade-19828.html]
[www.epfundao.edu.pt/blog/escola-e-comunidade-13bdc.html]
[www.epfundao.edu.pt/blog/escola-e-comunidade-1.html]
[www.epfundao.edu.pt/blog/escola-e-comunidade-1/page/2.html]
[www.epfundao.edu.pt/blog/2/feed]
[www.epfundao.edu.pt/blog/emprego-e-formacao-2/post/novos-cursos-23.html]
[www.epfundao.edu.pt/blog/emprego-e-formacao-2/post/ideia-de-negocio-premiada-14.html]
[www.epfundao.edu.pt/blog/emprego-e-formacao-2/post/feira-ola-emprego-13.html]
[www.epfundao.edu.pt/blog/emprego-e-formacao-2.html]
[www.epfundao.edu.pt/blog/emprego-e-formacao-29828.html]
[www.epfundao.edu.pt/blog/3/feed]
[www.epfundao.edu.pt/blog/no-pais-e-na-europa-3/post/webinar-eqavet-rgpd-46.html]
[www.epfundao.edu.pt/blog/no-pais-e-na-europa-3/post/epf-no-programa-da-rtp-a-nossa-tarde-45.html]
[www.epfundao.edu.pt/blog/no-pais-e-na-europa-3/post/assembleia-geral-centro-anespo-15.html]
[www.epfundao.edu.pt/blog/no-pais-e-na-europa-3/post/reuniao-erasmus-9.html]
[www.epfundao.edu.pt/blog/no-pais-e-na-europa-3f224.html]
[www.epfundao.edu.pt/blog/no-pais-e-na-europa-3.html]
[www.epfundao.edu.pt/blog/no-pais-e-na-europa-39828.html]
[www.epfundao.edu.pt/website/static/src/img/parallax/quote.png]
[www.epfundao.edu.pt/alumni.html]
[www.epfundao.edu.pt/parceiros.html]
[www.epfundao.edu.pt/emprego.html]
[www.epfundao.edu.pt/web/login92c1.html]
[www.epfundao.edu.pt/page/plano-estrategico-de-internacionalizacao-2020-2025.html]
[www.epfundao.edu.pt/web/image/49164.jpg]
[www.epfundao.edu.pt/web/image/49255.png]
[www.epfundao.edu.pt/web/image/49195.jpg]
[www.epfundao.edu.pt/website/static/src/img/banner/greenfields.jpg]
[www.epfundao.edu.pt/page/candidatura.html]
[www.epfundao.edu.pt/web/image/49175.jpg]
[www.epfundao.edu.pt/web/image/49176.png]
[www.epfundao.edu.pt/web/image/49177.png]
[www.epfundao.edu.pt/page/erasmus.html]
[www.epfundao.edu.pt/web/content/119174160b.pdf]
[www.epfundao.edu.pt/page/documento-base.html]
[www.epfundao.edu.pt/web/content/11917715a5.pdf]
[www.epfundao.edu.pt/page/plano-de-acao.html]
[www.epfundao.edu.pt/web/contentad87.pdf]
[www.epfundao.edu.pt/page/relatorio-do-operador.html]
[www.epfundao.edu.pt/web/content542f.pdf]
[www.epfundao.edu.pt/page/quadro-de-monitorizacao-de-indicadores.html]
[www.epfundao.edu.pt/web/content/1191764347.pdf]
[www.epfundao.edu.pt/page/plano-de-acao-integrado.html]
[www.epfundao.edu.pt/web/content/118657b68d.pdf]
[www.epfundao.edu.pt/page/manual-de-processos-procedimentos-e-gestao-documen.html]
[www.epfundao.edu.pt/docs/25.html]
[www.epfundao.edu.pt/page/relatorio-anual-20192020.html]
[www.epfundao.edu.pt/page/relatorio-trimestral-3-20192020.html]
[www.epfundao.edu.pt/page/relatorio-trimestral-2-20192020.html]
[www.epfundao.edu.pt/page/relatorio-trimestral-1-20192020.html]
[www.epfundao.edu.pt/page/relatorio-anual-20182019.html]
[www.epfundao.edu.pt/page/relatorio-anual-20172018.html]
[www.epfundao.edu.pt/page/questionario-alunos.html]
[www.epfundao.edu.pt/page/questionario-encarregados-educacao.html]
[www.epfundao.edu.pt/page/questionario-professores.html]
[www.epfundao.edu.pt/page/questionario-funcionarios.html]
[www.epfundao.edu.pt/page/questionario-empresas.html]
[www.epfundao.edu.pt/page/relatorios-de-acompanhamento.html]
[www.epfundao.edu.pt/page/contactus.html]
[www.epfundao.edu.pt/page/questionario-diplomados.html]
[www.epfundao.edu.pt/inscriptions.html]
[www.epfundao.edu.pt/page/https/www.twiter.com/epf.html]
[www.epfundao.edu.pt/web/static/lib/fontawesome/fonts/fontawesome-webfont93e3.svg]
[www.epfundao.edu.pt/web/static/src/fonts/lato/Lato-Hai-webfont.svg]
[www.epfundao.edu.pt/web/static/src/fonts/lato/Lato-HaiIta-webfont.svg]
[www.epfundao.edu.pt/web/static/src/fonts/lato/Lato-Lig-webfont.svg]
[www.epfundao.edu.pt/web/static/src/fonts/lato/Lato-LigIta-webfont.svg]
[www.epfundao.edu.pt/web/static/src/fonts/lato/Lato-Reg-webfont.svg]
[www.epfundao.edu.pt/web/static/src/fonts/lato/Lato-RegIta-webfont.svg]
[www.epfundao.edu.pt/web/static/src/fonts/lato/Lato-Bol-webfont.svg]
[www.epfundao.edu.pt/web/static/src/fonts/lato/Lato-BolIta-webfont.svg]
[www.epfundao.edu.pt/web/static/src/fonts/lato/Lato-Bla-webfont.svg]
[www.epfundao.edu.pt/web/static/src/fonts/lato/Lato-BlaIta-webfont.svg]
[www.epfundao.edu.pt/web_planner/static/src/fonts/Simple-Line-Icons.svg]
[www.epfundao.edu.pt/web/content/fonts/glyphicons-halflings-regular.html]
[www.epfundao.edu.pt/web/content/fonts/glyphicons-halflings-regulard41d.html]
[www.epfundao.edu.pt/web/content/fonts/glyphicons-halflings-regular-2.html]
[www.epfundao.edu.pt/web/content/fonts/glyphicons-halflings-regular-3.html]
[www.epfundao.edu.pt/web/content/fonts/glyphicons-halflings-regular-4.html]
[www.epfundao.edu.pt/web/content/fonts/glyphicons-halflings-regular-5.html]
[www.epfundao.edu.pt/openschool_core/static/src/css/owl.video.play.html]
[www.epfundao.edu.pt/openschool_core/static/src/images/backgrounds/wild_oliva_light.html]
[www.epfundao.edu.pt/web/https/www.twiter.com/epf.html]
[www.epfundao.edu.pt/page/terms.html]
[www.epfundao.edu.pt/web/image/616.jpg]
[www.epfundao.edu.pt/page/aboutus.html]
[www.epfundao.edu.pt/web/content/118773fdc0.pdf]
[www.epfundao.edu.pt/page/calendario-escolar.html]
[www.epfundao.edu.pt/web/content/119175f92d.pdf]
[www.epfundao.edu.pt/page/plano-anual-de-atividades.html]
[www.epfundao.edu.pt/web/content/11879192ef.pdf]
[www.epfundao.edu.pt/page/criterios-de-avaliacao.html]
[www.epfundao.edu.pt/web/content/118800fe93.pdf]
[www.epfundao.edu.pt/page/plano-de-cidadania-e-desenvolvimento.html]
[www.epfundao.edu.pt/web/content/1188013283.pdf]
[www.epfundao.edu.pt/page/plano-de-formacao.html]
[www.epfundao.edu.pt/web/image/op.course/1/imageacc9.jpg]
[www.epfundao.edu.pt/modulo/1/1.html]
[www.epfundao.edu.pt/modulo/2/1.html]
[www.epfundao.edu.pt/modulo/13/1.html]
[www.epfundao.edu.pt/modulo/4/1.html]
[www.epfundao.edu.pt/modulo/5/1.html]
[www.epfundao.edu.pt/modulo/3/1.html]
[www.epfundao.edu.pt/modulo/14/1.html]
[www.epfundao.edu.pt/modulo/7/1.html]
[www.epfundao.edu.pt/modulo/75/1.html]
[www.epfundao.edu.pt/modulo/8/1.html]
[www.epfundao.edu.pt/modulo/9/1.html]
[www.epfundao.edu.pt/modulo/10/1.html]
[www.epfundao.edu.pt/modulo/11/1.html]
[www.epfundao.edu.pt/modulo/12/1.html]
[www.epfundao.edu.pt/course/1.html]
[www.epfundao.edu.pt/web/image/op.course/2/imageb46e.jpg]
[www.epfundao.edu.pt/modulo/1/2.html]
[www.epfundao.edu.pt/modulo/2/2.html]
[www.epfundao.edu.pt/modulo/13/2.html]
[www.epfundao.edu.pt/modulo/4/2.html]
[www.epfundao.edu.pt/modulo/5/2.html]
[www.epfundao.edu.pt/modulo/3/2.html]
[www.epfundao.edu.pt/modulo/14/2.html]
[www.epfundao.edu.pt/modulo/7/2.html]
[www.epfundao.edu.pt/modulo/28/2.html]
[www.epfundao.edu.pt/modulo/12/2.html]
[www.epfundao.edu.pt/modulo/100/2.html]
[www.epfundao.edu.pt/modulo/96/2.html]
[www.epfundao.edu.pt/modulo/75/2.html]
[www.epfundao.edu.pt/modulo/33/2.html]
[www.epfundao.edu.pt/course/2.html]
[www.epfundao.edu.pt/modulo/29/2.html]
[www.epfundao.edu.pt/web/image/op.course/4/image306c.jpg]
[www.epfundao.edu.pt/modulo/1/4.html]
[www.epfundao.edu.pt/modulo/2/4.html]
[www.epfundao.edu.pt/modulo/13/4.html]
[www.epfundao.edu.pt/modulo/4/4.html]
[www.epfundao.edu.pt/modulo/5/4.html]
[www.epfundao.edu.pt/modulo/3/4.html]
[www.epfundao.edu.pt/modulo/14/4.html]
[www.epfundao.edu.pt/modulo/7/4.html]
[www.epfundao.edu.pt/modulo/28/4.html]
[www.epfundao.edu.pt/modulo/12/4.html]
[www.epfundao.edu.pt/modulo/100/4.html]
[www.epfundao.edu.pt/modulo/96/4.html]
[www.epfundao.edu.pt/modulo/75/4.html]
[www.epfundao.edu.pt/modulo/31/4.html]
[www.epfundao.edu.pt/course/4.html]
[www.epfundao.edu.pt/modulo/29/4.html]
[www.epfundao.edu.pt/web/image/op.course/5/image8957.jpg]
[www.epfundao.edu.pt/modulo/1/5.html]
[www.epfundao.edu.pt/modulo/2/5.html]
[www.epfundao.edu.pt/modulo/13/5.html]
[www.epfundao.edu.pt/modulo/4/5.html]
[www.epfundao.edu.pt/modulo/5/5.html]
[www.epfundao.edu.pt/modulo/3/5.html]
[www.epfundao.edu.pt/modulo/82/5.html]
[www.epfundao.edu.pt/modulo/14/5.html]
[www.epfundao.edu.pt/modulo/22/5.html]
[www.epfundao.edu.pt/modulo/12/5.html]
[www.epfundao.edu.pt/modulo/102/5.html]
[www.epfundao.edu.pt/modulo/84/5.html]
[www.epfundao.edu.pt/course/5.html]
[www.epfundao.edu.pt/modulo/83/5.html]
[www.epfundao.edu.pt/web/image/op.course/6/imagec6e5.jpg]
[www.epfundao.edu.pt/modulo/1/6.html]
[www.epfundao.edu.pt/modulo/2/6.html]
[www.epfundao.edu.pt/modulo/13/6.html]
[www.epfundao.edu.pt/modulo/4/6.html]
[www.epfundao.edu.pt/modulo/5/6.html]
[www.epfundao.edu.pt/modulo/3/6.html]
[www.epfundao.edu.pt/modulo/14/6.html]
[www.epfundao.edu.pt/modulo/22/6.html]
[www.epfundao.edu.pt/modulo/12/6.html]
[www.epfundao.edu.pt/modulo/87/6.html]
[www.epfundao.edu.pt/modulo/75/6.html]
[www.epfundao.edu.pt/modulo/24/6.html]
[www.epfundao.edu.pt/course/6.html]
[www.epfundao.edu.pt/modulo/23/6.html]
[www.epfundao.edu.pt/web/image/op.course/7/image13b1.jpg]
[www.epfundao.edu.pt/modulo/1/7.html]
[www.epfundao.edu.pt/modulo/2/7.html]
[www.epfundao.edu.pt/modulo/13/7.html]
[www.epfundao.edu.pt/modulo/4/7.html]
[www.epfundao.edu.pt/modulo/5/7.html]
[www.epfundao.edu.pt/modulo/3/7.html]
[www.epfundao.edu.pt/modulo/14/7.html]
[www.epfundao.edu.pt/modulo/22/7.html]
[www.epfundao.edu.pt/modulo/34/7.html]
[www.epfundao.edu.pt/modulo/75/7.html]
[www.epfundao.edu.pt/modulo/49/7.html]
[www.epfundao.edu.pt/modulo/36/7.html]
[www.epfundao.edu.pt/modulo/35/7.html]
[www.epfundao.edu.pt/course/7.html]
[www.epfundao.edu.pt/modulo/12/7.html]
[www.epfundao.edu.pt/web/image/op.course/16/imagea388.jpg]
[www.epfundao.edu.pt/modulo/1/16.html]
[www.epfundao.edu.pt/modulo/2/16.html]
[www.epfundao.edu.pt/modulo/13/16.html]
[www.epfundao.edu.pt/modulo/4/16.html]
[www.epfundao.edu.pt/modulo/5/16.html]
[www.epfundao.edu.pt/modulo/3/16.html]
[www.epfundao.edu.pt/modulo/14/16.html]
[www.epfundao.edu.pt/modulo/22/16.html]
[www.epfundao.edu.pt/modulo/42/16.html]
[www.epfundao.edu.pt/modulo/75/16.html]
[www.epfundao.edu.pt/modulo/45/16.html]
[www.epfundao.edu.pt/modulo/44/16.html]
[www.epfundao.edu.pt/modulo/43/16.html]
[www.epfundao.edu.pt/course/16.html]
[www.epfundao.edu.pt/modulo/12/16.html]
[www.epfundao.edu.pt/web/image/op.course/27/image388f.png]
[www.epfundao.edu.pt/web/image/151612.jpg]
[www.epfundao.edu.pt/course/27.html]
[www.epfundao.edu.pt/courses/https/www.twiter.com/epf.html]
[www.epfundao.edu.pt/web/image/op.course/13/image08e9.jpg]
[www.epfundao.edu.pt/modulo/52/13.html]
[www.epfundao.edu.pt/modulo/53/13.html]
[www.epfundao.edu.pt/modulo/54/13.html]
[www.epfundao.edu.pt/modulo/55/13.html]
[www.epfundao.edu.pt/modulo/5/13.html]
[www.epfundao.edu.pt/modulo/56/13.html]
[www.epfundao.edu.pt/modulo/58/13.html]
[www.epfundao.edu.pt/modulo/22/13.html]
[www.epfundao.edu.pt/modulo/60/13.html]
[www.epfundao.edu.pt/modulo/12/13.html]
[www.epfundao.edu.pt/modulo/63/13.html]
[www.epfundao.edu.pt/modulo/62/13.html]
[www.epfundao.edu.pt/course/13.html]
[www.epfundao.edu.pt/modulo/61/13.html]
[www.epfundao.edu.pt/web/image/op.course/14/imageb411.jpg]
[www.epfundao.edu.pt/modulo/52/14.html]
[www.epfundao.edu.pt/modulo/53/14.html]
[www.epfundao.edu.pt/modulo/54/14.html]
[www.epfundao.edu.pt/modulo/55/14.html]
[www.epfundao.edu.pt/modulo/5/14.html]
[www.epfundao.edu.pt/modulo/56/14.html]
[www.epfundao.edu.pt/modulo/58/14.html]
[www.epfundao.edu.pt/modulo/71/14.html]
[www.epfundao.edu.pt/modulo/72/14.html]
[www.epfundao.edu.pt/modulo/12/14.html]
[www.epfundao.edu.pt/modulo/74/14.html]
[www.epfundao.edu.pt/course/14.html]
[www.epfundao.edu.pt/modulo/73/14.html]
[www.epfundao.edu.pt/web/image/op.course/15/image7d9c.jpg]
[www.epfundao.edu.pt/modulo/52/15.html]
[www.epfundao.edu.pt/modulo/53/15.html]
[www.epfundao.edu.pt/modulo/54/15.html]
[www.epfundao.edu.pt/modulo/13/15.html]
[www.epfundao.edu.pt/modulo/55/15.html]
[www.epfundao.edu.pt/modulo/5/15.html]
[www.epfundao.edu.pt/modulo/56/15.html]
[www.epfundao.edu.pt/modulo/58/15.html]
[www.epfundao.edu.pt/modulo/95/15.html]
[www.epfundao.edu.pt/modulo/12/15.html]
[www.epfundao.edu.pt/modulo/99/15.html]
[www.epfundao.edu.pt/modulo/98/15.html]
[www.epfundao.edu.pt/course/15.html]
[www.epfundao.edu.pt/modulo/97/15.html]
[www.epfundao.edu.pt/web/image/131709.png]
[www.epfundao.edu.pt/web/image/blog.post/48/author_avatar5631.png]
[www.epfundao.edu.pt/blog/escola-e-comunidade-1/post/interrupcao-letiva-orientacoes-48.html]
[www.epfundao.edu.pt/web/image/118873.jpg]
[www.epfundao.edu.pt/web/image/blog.post/44/author_avatar4371.png]
[www.epfundao.edu.pt/blog/escola-e-comunidade-1/post/epf-vence-premios-para-melhor-aluno-do-ensino-profissional-e-dos-cursos-educacao-formacao-44.html]
[www.epfundao.edu.pt/web/image/118914.jpg]
[www.epfundao.edu.pt/web/image/blog.post/43/author_avatar9182.png]
[www.epfundao.edu.pt/blog/escola-e-comunidade-1/post/abertura-do-ano-escolar-2020-2021-43.html]
[www.epfundao.edu.pt/web/image/118891.jpg]
[www.epfundao.edu.pt/web/image/blog.post/42/author_avatar9182.png]
[www.epfundao.edu.pt/blog/escola-e-comunidade-1/post/28o-aniversario-da-escola-profissional-do-fundao-42.html]
[www.epfundao.edu.pt/web/image/35586.jpg]
[www.epfundao.edu.pt/web/image/blog.post/33/author_avatar09cd.png]
[www.epfundao.edu.pt/blog/escola-e-comunidade-1/post/epf-na-sessao-solene-do-25-de-abril-33.html]
[www.epfundao.edu.pt/web/image/26324.jpg]
[www.epfundao.edu.pt/web/image/blog.post/25/author_avatar09cd.png]
[www.epfundao.edu.pt/blog/escola-e-comunidade-1/post/epf-presente-na-feira-dos-sabores-do-tejo-25.html]
[www.epfundao.edu.pt/web/image/blog.post/22/author_avatar58bc.png]
[www.epfundao.edu.pt/blog/escola-e-comunidade-1/post/restaurante-pedagogico-22.html]
[www.epfundao.edu.pt/web/image/24733.jpg]
[www.epfundao.edu.pt/web/image/blog.post/21/author_avatarbb4a.png]
[www.epfundao.edu.pt/blog/escola-e-comunidade-1/post/xiv-festival-gastronomico-da-cereja-21.html]
[www.epfundao.edu.pt/web/image/24732.jpg]
[www.epfundao.edu.pt/web/image/blog.post/20/author_avatarbb4a.png]
[www.epfundao.edu.pt/blog/escola-e-comunidade-1/post/escola-assegura-porto-de-honra-na-2a-mostra-de-freguesias-20.html]
[www.epfundao.edu.pt/web/image/24731.jpg]
[www.epfundao.edu.pt/web/image/blog.post/19/author_avatar3bcf.png]
[www.epfundao.edu.pt/blog/escola-e-comunidade-1/post/2a-mostra-de-freguesias-na-av-da-liberdade-fundao-19.html]
[www.epfundao.edu.pt/web/image/24730.jpg]
[www.epfundao.edu.pt/web/image/blog.post/18/author_avatar61e3.png]
[www.epfundao.edu.pt/blog/escola-e-comunidade-1/post/epf-participa-na-7a-edicao-das-escolas-solidarias-2017-18.html]
[www.epfundao.edu.pt/web/image/24722.jpg]
[www.epfundao.edu.pt/web/image/blog.post/17/author_avatar61e3.png]
[www.epfundao.edu.pt/blog/escola-e-comunidade-1/post/1o-ano-do-curso-tecnico-de-gestao-do-ambiente-17.html]
[www.epfundao.edu.pt/web/image/24717.jpg]
[www.epfundao.edu.pt/web/image/blog.post/16/author_avatara6be.png]
[www.epfundao.edu.pt/blog/escola-e-comunidade-1/post/epf-marca-presenca-na-festa-da-cereja-16.html]
[www.epfundao.edu.pt/web/image/24711.jpg]
[www.epfundao.edu.pt/web/image/blog.post/12/author_avatara6be.png]
[www.epfundao.edu.pt/blog/escola-e-comunidade-1/post/festa-da-cereja-em-alcongosta-12.html]
[www.epfundao.edu.pt/web/image/24710.jpg]
[www.epfundao.edu.pt/web/image/blog.post/11/author_avatara9f8.png]
[www.epfundao.edu.pt/blog/escola-e-comunidade-1/post/festa-da-cereja-11.html]
[www.epfundao.edu.pt/web/image/24709.jpg]
[www.epfundao.edu.pt/web/image/blog.post/10/author_avatara9f8.png]
[www.epfundao.edu.pt/blog/escola-e-comunidade-1/post/epf-na-festa-da-cereja-10.html]
[www.epfundao.edu.pt/web/image/24716.jpg]
[www.epfundao.edu.pt/web/image/blog.post/8/author_avatar744b.png]
[www.epfundao.edu.pt/blog/escola-e-comunidade-1/post/epf-visita-resistrela-8.html]
[www.epfundao.edu.pt/web/image/24714.jpg]
[www.epfundao.edu.pt/web/image/blog.post/7/author_avatar0cd9.png]
[www.epfundao.edu.pt/blog/escola-e-comunidade-1/post/agriurban-no-fundao-7.html]
[www.epfundao.edu.pt/web/image/blog.post/6/author_avatar0cd9.png]
[www.epfundao.edu.pt/blog/escola-e-comunidade-1/post/fundao-participa-2017-6.html]
[www.epfundao.edu.pt/web/image/604.jpg]
[www.epfundao.edu.pt/web/image/blog.post/5/author_avatarbce2.png]
[www.epfundao.edu.pt/blog/escola-e-comunidade-1/post/projecto-de-empreendedorismo-premiado-5.html]
[www.epfundao.edu.pt/blog/https/www.twiter.com/epf.html]
[www.epfundao.edu.pt/blog/escola-e-comunidade-19f1b.html]
[www.epfundao.edu.pt/blog/escola-e-comunidade-1f224.html]
[www.epfundao.edu.pt/blog/escola-e-comunidade-12751.html]
[www.epfundao.edu.pt/blog/escola-e-comunidade-11704.html]
[www.epfundao.edu.pt/blog/escola-e-comunidade-19828.html]
[www.epfundao.edu.pt/blog/escola-e-comunidade-1/post/artesanato-de-s-tome-e-principe-4.html]
[www.epfundao.edu.pt/blog/escola-e-comunidade-1/post/jantar-de-gala-3.html]
[www.epfundao.edu.pt/blog/escola-e-comunidade-1/post/novos-profissionais-2.html]
[www.epfundao.edu.pt/blog/escola-e-comunidade-13bdc.html]
[www.epfundao.edu.pt/blog/escola-e-comunidade-1/post/uma-saida-para-o-emprego-1.html]
[www.epfundao.edu.pt/blog/escola-e-comunidade-1/page/2.html]
[beira.pt/wp-content/uploads/2015/04/jovens_shutterstock_193547321-712x475.jpg]
[www.epfundao.edu.pt/web/image/blog.post/23/author_avatar233b.png]
[www.epfundao.edu.pt/blog/emprego-e-formacao-2/post/novos-cursos-23.html]
[www.epfundao.edu.pt/web/image/24713.jpg]
[www.epfundao.edu.pt/web/image/blog.post/14/author_avatar43aa.png]
[www.epfundao.edu.pt/blog/emprego-e-formacao-2/post/ideia-de-negocio-premiada-14.html]
[www.epfundao.edu.pt/web/image/24712.jpg]
[www.epfundao.edu.pt/web/image/blog.post/13/author_avatar43aa.png]
[www.epfundao.edu.pt/blog/emprego-e-formacao-2/post/feira-ola-emprego-13.html]
[www.epfundao.edu.pt/blog/emprego-e-formacao-29828.html]
[www.epfundao.edu.pt/web/image/118954.jpg]
[www.epfundao.edu.pt/web/image/blog.post/46/author_avatarf9ac.png]
[www.epfundao.edu.pt/blog/no-pais-e-na-europa-3/post/webinar-eqavet-rgpd-46.html]
[www.epfundao.edu.pt/web/image/118942.jpg]
[www.epfundao.edu.pt/web/image/blog.post/45/author_avatar520f.png]
[www.epfundao.edu.pt/blog/no-pais-e-na-europa-3/post/epf-no-programa-da-rtp-a-nossa-tarde-45.html]
[www.epfundao.edu.pt/web/image/24715.jpg]
[www.epfundao.edu.pt/web/image/blog.post/15/author_avatarb8b8.png]
[www.epfundao.edu.pt/blog/no-pais-e-na-europa-3/post/assembleia-geral-centro-anespo-15.html]
[www.epfundao.edu.pt/web/image/24708.jpg]
[www.epfundao.edu.pt/web/image/blog.post/9/author_avatarb8b8.png]
[www.epfundao.edu.pt/blog/no-pais-e-na-europa-3/post/reuniao-erasmus-9.html]
[www.epfundao.edu.pt/blog/no-pais-e-na-europa-3f224.html]
[www.epfundao.edu.pt/blog/no-pais-e-na-europa-39828.html]
[www.epfundao.edu.pt/https/www.twiter.com/epf.html]
[www.epfundao.edu.pt/web/login92c1.html]
[www.epfundao.edu.pt/web/content/1189789ec7.pdf]
[www.epfundao.edu.pt/page/plano-estrategico-de-internacionalizacao-2020-2025.html]
[www.epfundao.edu.pt/page/candidatura.html]
[www.epfundao.edu.pt/web/contentced7.pdf]
[www.epfundao.edu.pt/docs/25.html]
[www.epfundao.edu.pt/web/content/119189afaf.pdf]
[www.epfundao.edu.pt/page/relatorio-anual-20192020.html]
[www.epfundao.edu.pt/web/content/1189487e49.pdf]
[www.epfundao.edu.pt/page/relatorio-trimestral-3-20192020.html]
[www.epfundao.edu.pt/web/content/118953d2c1.pdf]
[www.epfundao.edu.pt/page/relatorio-trimestral-2-20192020.html]
[www.epfundao.edu.pt/web/content/118955fbf8.pdf]
[www.epfundao.edu.pt/page/relatorio-trimestral-1-20192020.html]
[www.epfundao.edu.pt/web/content/1189563f30.pdf]
[www.epfundao.edu.pt/page/relatorio-anual-20182019.html]
[www.epfundao.edu.pt/web/content/1189576d6f.pdf]
[www.epfundao.edu.pt/page/relatorio-anual-20172018.html]
[www.epfundao.edu.pt/web/content/1191874e17.pdf]
[www.epfundao.edu.pt/page/questionario-alunos.html]
[www.epfundao.edu.pt/web/content/119191e5cb.pdf]
[www.epfundao.edu.pt/page/questionario-encarregados-educacao.html]
[www.epfundao.edu.pt/web/content/1191882bf0.pdf]
[www.epfundao.edu.pt/page/questionario-professores.html]
[www.epfundao.edu.pt/web/content/1191921b96.pdf]
[www.epfundao.edu.pt/page/questionario-funcionarios.html]
[www.epfundao.edu.pt/web/content/11919809d6.pdf]
[www.epfundao.edu.pt/page/questionario-empresas.html]
[www.epfundao.edu.pt/web/content/1191938925.pdf]
[www.epfundao.edu.pt/page/questionario-diplomados.html]
[www.epfundao.edu.pt/page/terms.html]
[www.epfundao.edu.pt/modulo/1/1.html]
[www.epfundao.edu.pt/modulo/2/1.html]
[www.epfundao.edu.pt/modulo/13/1.html]
[www.epfundao.edu.pt/modulo/4/1.html]
[www.epfundao.edu.pt/modulo/5/1.html]
[www.epfundao.edu.pt/modulo/3/1.html]
[www.epfundao.edu.pt/modulo/14/1.html]
[www.epfundao.edu.pt/modulo/7/1.html]
[www.epfundao.edu.pt/modulo/75/1.html]
[www.epfundao.edu.pt/modulo/8/1.html]
[www.epfundao.edu.pt/modulo/9/1.html]
[www.epfundao.edu.pt/modulo/10/1.html]
[www.epfundao.edu.pt/modulo/11/1.html]
[www.epfundao.edu.pt/modulo/12/1.html]
[www.epfundao.edu.pt/course/https/www.twiter.com/epf.html]
[www.epfundao.edu.pt/modulo/1/2.html]
[www.epfundao.edu.pt/modulo/2/2.html]
[www.epfundao.edu.pt/modulo/13/2.html]
[www.epfundao.edu.pt/modulo/4/2.html]
[www.epfundao.edu.pt/modulo/5/2.html]
[www.epfundao.edu.pt/modulo/3/2.html]
[www.epfundao.edu.pt/modulo/14/2.html]
[www.epfundao.edu.pt/modulo/7/2.html]
[www.epfundao.edu.pt/modulo/28/2.html]
[www.epfundao.edu.pt/modulo/12/2.html]
[www.epfundao.edu.pt/modulo/100/2.html]
[www.epfundao.edu.pt/modulo/96/2.html]
[www.epfundao.edu.pt/modulo/75/2.html]
[www.epfundao.edu.pt/modulo/33/2.html]
[www.epfundao.edu.pt/modulo/29/2.html]
[www.epfundao.edu.pt/modulo/1/4.html]
[www.epfundao.edu.pt/modulo/2/4.html]
[www.epfundao.edu.pt/modulo/13/4.html]
[www.epfundao.edu.pt/modulo/4/4.html]
[www.epfundao.edu.pt/modulo/5/4.html]
[www.epfundao.edu.pt/modulo/3/4.html]
[www.epfundao.edu.pt/modulo/14/4.html]
[www.epfundao.edu.pt/modulo/7/4.html]
[www.epfundao.edu.pt/modulo/28/4.html]
[www.epfundao.edu.pt/modulo/12/4.html]
[www.epfundao.edu.pt/modulo/100/4.html]
[www.epfundao.edu.pt/modulo/96/4.html]
[www.epfundao.edu.pt/modulo/75/4.html]
[www.epfundao.edu.pt/modulo/31/4.html]
[www.epfundao.edu.pt/modulo/29/4.html]
[www.epfundao.edu.pt/modulo/1/5.html]
[www.epfundao.edu.pt/modulo/2/5.html]
[www.epfundao.edu.pt/modulo/13/5.html]
[www.epfundao.edu.pt/modulo/4/5.html]
[www.epfundao.edu.pt/modulo/5/5.html]
[www.epfundao.edu.pt/modulo/3/5.html]
[www.epfundao.edu.pt/modulo/82/5.html]
[www.epfundao.edu.pt/modulo/14/5.html]
[www.epfundao.edu.pt/modulo/22/5.html]
[www.epfundao.edu.pt/modulo/12/5.html]
[www.epfundao.edu.pt/modulo/102/5.html]
[www.epfundao.edu.pt/modulo/84/5.html]
[www.epfundao.edu.pt/modulo/83/5.html]
[www.epfundao.edu.pt/modulo/1/6.html]
[www.epfundao.edu.pt/modulo/2/6.html]
[www.epfundao.edu.pt/modulo/13/6.html]
[www.epfundao.edu.pt/modulo/4/6.html]
[www.epfundao.edu.pt/modulo/5/6.html]
[www.epfundao.edu.pt/modulo/3/6.html]
[www.epfundao.edu.pt/modulo/14/6.html]
[www.epfundao.edu.pt/modulo/22/6.html]
[www.epfundao.edu.pt/modulo/12/6.html]
[www.epfundao.edu.pt/modulo/87/6.html]
[www.epfundao.edu.pt/modulo/75/6.html]
[www.epfundao.edu.pt/modulo/24/6.html]
[www.epfundao.edu.pt/modulo/23/6.html]
[www.epfundao.edu.pt/modulo/1/7.html]
[www.epfundao.edu.pt/modulo/2/7.html]
[www.epfundao.edu.pt/modulo/13/7.html]
[www.epfundao.edu.pt/modulo/4/7.html]
[www.epfundao.edu.pt/modulo/5/7.html]
[www.epfundao.edu.pt/modulo/3/7.html]
[www.epfundao.edu.pt/modulo/14/7.html]
[www.epfundao.edu.pt/modulo/22/7.html]
[www.epfundao.edu.pt/modulo/34/7.html]
[www.epfundao.edu.pt/modulo/75/7.html]
[www.epfundao.edu.pt/modulo/49/7.html]
[www.epfundao.edu.pt/modulo/36/7.html]
[www.epfundao.edu.pt/modulo/35/7.html]
[www.epfundao.edu.pt/modulo/12/7.html]
[www.epfundao.edu.pt/modulo/1/16.html]
[www.epfundao.edu.pt/modulo/2/16.html]
[www.epfundao.edu.pt/modulo/13/16.html]
[www.epfundao.edu.pt/modulo/4/16.html]
[www.epfundao.edu.pt/modulo/5/16.html]
[www.epfundao.edu.pt/modulo/3/16.html]
[www.epfundao.edu.pt/modulo/14/16.html]
[www.epfundao.edu.pt/modulo/22/16.html]
[www.epfundao.edu.pt/modulo/42/16.html]
[www.epfundao.edu.pt/modulo/75/16.html]
[www.epfundao.edu.pt/modulo/45/16.html]
[www.epfundao.edu.pt/modulo/44/16.html]
[www.epfundao.edu.pt/modulo/43/16.html]
[www.epfundao.edu.pt/modulo/12/16.html]
[www.epfundao.edu.pt/modulo/52/13.html]
[www.epfundao.edu.pt/modulo/53/13.html]
[www.epfundao.edu.pt/modulo/54/13.html]
[www.epfundao.edu.pt/modulo/55/13.html]
[www.epfundao.edu.pt/modulo/5/13.html]
[www.epfundao.edu.pt/modulo/56/13.html]
[www.epfundao.edu.pt/modulo/58/13.html]
[www.epfundao.edu.pt/modulo/22/13.html]
[www.epfundao.edu.pt/modulo/60/13.html]
[www.epfundao.edu.pt/modulo/12/13.html]
[www.epfundao.edu.pt/modulo/63/13.html]
[www.epfundao.edu.pt/modulo/62/13.html]
[www.epfundao.edu.pt/modulo/61/13.html]
[www.epfundao.edu.pt/modulo/52/14.html]
[www.epfundao.edu.pt/modulo/53/14.html]
[www.epfundao.edu.pt/modulo/54/14.html]
[www.epfundao.edu.pt/modulo/55/14.html]
[www.epfundao.edu.pt/modulo/5/14.html]
[www.epfundao.edu.pt/modulo/56/14.html]
[www.epfundao.edu.pt/modulo/58/14.html]
[www.epfundao.edu.pt/modulo/71/14.html]
[www.epfundao.edu.pt/modulo/72/14.html]
[www.epfundao.edu.pt/modulo/12/14.html]
[www.epfundao.edu.pt/modulo/74/14.html]
[www.epfundao.edu.pt/modulo/73/14.html]
[www.epfundao.edu.pt/modulo/52/15.html]
[www.epfundao.edu.pt/modulo/53/15.html]
[www.epfundao.edu.pt/modulo/54/15.html]
[www.epfundao.edu.pt/modulo/13/15.html]
[www.epfundao.edu.pt/modulo/55/15.html]
[www.epfundao.edu.pt/modulo/5/15.html]
[www.epfundao.edu.pt/modulo/56/15.html]
[www.epfundao.edu.pt/modulo/58/15.html]
[www.epfundao.edu.pt/modulo/95/15.html]
[www.epfundao.edu.pt/modulo/12/15.html]
[www.epfundao.edu.pt/modulo/99/15.html]
[www.epfundao.edu.pt/modulo/98/15.html]
[www.epfundao.edu.pt/modulo/97/15.html]
[www.epfundao.edu.pt/blog/escola-e-comunidade-1/post/https/www.twiter.com/epf.html]
[www.epfundao.edu.pt/web/image/blog.post/4/author_avatarde6a.png]
[www.epfundao.edu.pt/blog/escola-e-comunidade-1/post/artesanato-de-s-tome-e-principe-4.html]
[www.epfundao.edu.pt/web/image/blog.post/3/author_avatar921b.png]
[www.epfundao.edu.pt/blog/escola-e-comunidade-1/post/jantar-de-gala-3.html]
[www.epfundao.edu.pt/web/image/blog.post/2/author_avatar921b.png]
[www.epfundao.edu.pt/blog/escola-e-comunidade-1/post/novos-profissionais-2.html]
[www.epfundao.edu.pt/web/image/blog.post/1/author_avatar921b.png]
[www.epfundao.edu.pt/blog/escola-e-comunidade-1/post/uma-saida-para-o-emprego-1.html]
[www.epfundao.edu.pt/blog/escola-e-comunidade-1/page/https/www.twiter.com/epf.html]
[www.epfundao.edu.pt/blog/emprego-e-formacao-2/post/https/www.twiter.com/epf.html]
[www.epfundao.edu.pt/blog/no-pais-e-na-europa-3/post/https/www.twiter.com/epf.html]
[www.epfundao.edu.pt/docs/https/www.twiter.com/epf.html]
[www.epfundao.edu.pt/modulo/1/https/www.twiter.com/epf.html]
[www.epfundao.edu.pt/modulo/2/https/www.twiter.com/epf.html]
[www.epfundao.edu.pt/modulo/13/https/www.twiter.com/epf.html]
[www.epfundao.edu.pt/modulo/4/https/www.twiter.com/epf.html]
[www.epfundao.edu.pt/modulo/5/https/www.twiter.com/epf.html]
[www.epfundao.edu.pt/modulo/3/https/www.twiter.com/epf.html]
[www.epfundao.edu.pt/modulo/14/https/www.twiter.com/epf.html]
[www.epfundao.edu.pt/modulo/7/https/www.twiter.com/epf.html]
[www.epfundao.edu.pt/modulo/75/https/www.twiter.com/epf.html]
[www.epfundao.edu.pt/modulo/8/https/www.twiter.com/epf.html]
[www.epfundao.edu.pt/modulo/9/https/www.twiter.com/epf.html]
[www.epfundao.edu.pt/modulo/10/https/www.twiter.com/epf.html]
[www.epfundao.edu.pt/modulo/11/https/www.twiter.com/epf.html]
[www.epfundao.edu.pt/modulo/12/https/www.twiter.com/epf.html]
[www.epfundao.edu.pt/modulo/28/https/www.twiter.com/epf.html]
[www.epfundao.edu.pt/modulo/100/https/www.twiter.com/epf.html]
[www.epfundao.edu.pt/modulo/96/https/www.twiter.com/epf.html]
[www.epfundao.edu.pt/modulo/33/https/www.twiter.com/epf.html]
[www.epfundao.edu.pt/modulo/29/https/www.twiter.com/epf.html]
[www.epfundao.edu.pt/modulo/31/https/www.twiter.com/epf.html]
[www.epfundao.edu.pt/modulo/82/https/www.twiter.com/epf.html]
[www.epfundao.edu.pt/modulo/22/https/www.twiter.com/epf.html]
[www.epfundao.edu.pt/modulo/102/https/www.twiter.com/epf.html]
[www.epfundao.edu.pt/modulo/84/https/www.twiter.com/epf.html]
[www.epfundao.edu.pt/modulo/83/https/www.twiter.com/epf.html]
[www.epfundao.edu.pt/modulo/87/https/www.twiter.com/epf.html]
[www.epfundao.edu.pt/modulo/24/https/www.twiter.com/epf.html]
[www.epfundao.edu.pt/modulo/23/https/www.twiter.com/epf.html]
[www.epfundao.edu.pt/modulo/34/https/www.twiter.com/epf.html]
[www.epfundao.edu.pt/modulo/49/https/www.twiter.com/epf.html]
[www.epfundao.edu.pt/modulo/36/https/www.twiter.com/epf.html]
[www.epfundao.edu.pt/modulo/35/https/www.twiter.com/epf.html]
[www.epfundao.edu.pt/modulo/42/https/www.twiter.com/epf.html]
[www.epfundao.edu.pt/modulo/45/https/www.twiter.com/epf.html]
[www.epfundao.edu.pt/modulo/44/https/www.twiter.com/epf.html]
[www.epfundao.edu.pt/modulo/43/https/www.twiter.com/epf.html]
[www.epfundao.edu.pt/modulo/52/https/www.twiter.com/epf.html]
[www.epfundao.edu.pt/modulo/53/https/www.twiter.com/epf.html]
[www.epfundao.edu.pt/modulo/54/https/www.twiter.com/epf.html]
[www.epfundao.edu.pt/modulo/55/https/www.twiter.com/epf.html]
[www.epfundao.edu.pt/modulo/56/https/www.twiter.com/epf.html]
[www.epfundao.edu.pt/modulo/58/https/www.twiter.com/epf.html]
[www.epfundao.edu.pt/modulo/60/https/www.twiter.com/epf.html]
[www.epfundao.edu.pt/modulo/63/https/www.twiter.com/epf.html]
[www.epfundao.edu.pt/modulo/62/https/www.twiter.com/epf.html]
[www.epfundao.edu.pt/modulo/61/https/www.twiter.com/epf.html]
[www.epfundao.edu.pt/modulo/71/https/www.twiter.com/epf.html]
[www.epfundao.edu.pt/modulo/72/https/www.twiter.com/epf.html]
[www.epfundao.edu.pt/modulo/74/https/www.twiter.com/epf.html]
[www.epfundao.edu.pt/modulo/73/https/www.twiter.com/epf.html]
[www.epfundao.edu.pt/modulo/95/https/www.twiter.com/epf.html]
[www.epfundao.edu.pt/modulo/99/https/www.twiter.com/epf.html]
[www.epfundao.edu.pt/modulo/98/https/www.twiter.com/epf.html]
[www.epfundao.edu.pt/modulo/97/https/www.twiter.com/epf.html]
[fundaoparticipa.pt/media/uploads/propostas/projecto1_large.jpg]
